1656624 4266561 1656624
16566240 4266561 1656624
165662400 4266561 1656624
4266561 1656624 4266561
42665610 1656624 4266561
426656100 1656624 4266561
6
