150152796 697251051 150152796
697251051 150152796 697251051
2
