568568568
400400400
290290290
420420420
749749749
49384938
57085708
867867867
805805805
975975975
949949949
552552552
16971697
78127812
20482048
463463463
530530530
173173173
2222222
155155155
97559755
58875887
286286286
346346346
843843843
771771771
817817817
100100100
807807807
96129612
461461461
437437437
330330330
856856856
795795795
845845845
641641641
266266266
