937937937
89518951
170170170
808808808
160160160
183183183
770770770
399399399
175175175
60436043
512512512
421421421
686686686
35043504
814814814
996996996
517517517
303303303
480480480
1111111
215215215
190190190
43964396
180180180
119119119
771771771
88388838
135135135
33713371
903903903
888888888
39703970
603603603
704704704
881881881
235235235
953953953
828828828
907907907
914914914
592592592
